Archive member included to satisfy reference by file (symbol)

.\CortexM3\ARM_GCC_541\Debug\RobotBluetoth.a(I2C.o)
                              .\CortexM3\ARM_GCC_541\Debug\main.o (I2C_Start)
.\CortexM3\ARM_GCC_541\Debug\RobotBluetoth.a(I2C_INT.o)
                              .\CortexM3\ARM_GCC_541\Debug\RobotBluetoth.a(I2C.o) (I2C_ISR)
.\CortexM3\ARM_GCC_541\Debug\RobotBluetoth.a(I2C_PM.o)
                              .\CortexM3\ARM_GCC_541\Debug\RobotBluetoth.a(I2C.o) (I2C_backup)
.\CortexM3\ARM_GCC_541\Debug\RobotBluetoth.a(I2C_MASTER.o)
                              .\CortexM3\ARM_GCC_541\Debug\RobotBluetoth.a(I2C.o) (I2C_mstrStatus)
.\CortexM3\ARM_GCC_541\Debug\RobotBluetoth.a(UART.o)
                              .\CortexM3\ARM_GCC_541\Debug\main.o (UART_Start)
.\CortexM3\ARM_GCC_541\Debug\RobotBluetoth.a(PWM_Motores.o)
                              .\CortexM3\ARM_GCC_541\Debug\main.o (PWM_Motores_WriteCompare1)
.\CortexM3\ARM_GCC_541\Debug\RobotBluetoth.a(RXisr.o)
                              .\CortexM3\ARM_GCC_541\Debug\main.o (RXisr_StartEx)
.\CortexM3\ARM_GCC_541\Debug\RobotBluetoth.a(M1_1.o)
                              .\CortexM3\ARM_GCC_541\Debug\main.o (M1_1_Write)
.\CortexM3\ARM_GCC_541\Debug\RobotBluetoth.a(M1_2.o)
                              .\CortexM3\ARM_GCC_541\Debug\main.o (M1_2_Write)
.\CortexM3\ARM_GCC_541\Debug\RobotBluetoth.a(M2_1.o)
                              .\CortexM3\ARM_GCC_541\Debug\main.o (M2_1_Write)
.\CortexM3\ARM_GCC_541\Debug\RobotBluetoth.a(M2_2.o)
                              .\CortexM3\ARM_GCC_541\Debug\main.o (M2_2_Write)
.\CortexM3\ARM_GCC_541\Debug\RobotBluetoth.a(UART_IntClock.o)
                              .\CortexM3\ARM_GCC_541\Debug\RobotBluetoth.a(UART.o) (UART_IntClock_Start)
.\CortexM3\ARM_GCC_541\Debug\RobotBluetoth.a(CyLib.o)
                              .\CortexM3\ARM_GCC_541\Debug\Cm3Start.o (CyHalt)
.\CortexM3\ARM_GCC_541\Debug\RobotBluetoth.a(cyPm.o)
                              .\CortexM3\ARM_GCC_541\Debug\RobotBluetoth.a(CyLib.o) (CyPmReadStatus)
.\CortexM3\ARM_GCC_541\Debug\RobotBluetoth.a(CyBootAsmGnu.o)
                              .\CortexM3\ARM_GCC_541\Debug\cyfitter_cfg.o (CyDelayCycles)
.\CortexM3\ARM_GCC_541\Debug\RobotBluetoth.a(CyFlash.o)
                              .\CortexM3\ARM_GCC_541\Debug\RobotBluetoth.a(cyPm.o) (CyFlash_SetWaitCycles)
.\CortexM3\ARM_GCC_541\Debug\RobotBluetoth.a(CySpc.o)
                              .\CortexM3\ARM_GCC_541\Debug\RobotBluetoth.a(CyFlash.o) (CySpcStart)
c:/program files (x86)/cypress/psoc creator/4.4/psoc creator/import/gnu/arm/5.4.1/bin/../lib/gcc/arm-none-eabi/5.4.1/../../../../arm-none-eabi/lib/armv7-m\libg_nano.a(lib_a-errno.o)
                              .\CortexM3\ARM_GCC_541\Debug\Cm3Start.o (__errno)
c:/program files (x86)/cypress/psoc creator/4.4/psoc creator/import/gnu/arm/5.4.1/bin/../lib/gcc/arm-none-eabi/5.4.1/../../../../arm-none-eabi/lib/armv7-m\libg_nano.a(lib_a-exit.o)
                              c:/program files (x86)/cypress/psoc creator/4.4/psoc creator/import/gnu/arm/5.4.1/bin/../lib/gcc/arm-none-eabi/5.4.1/../../../../arm-none-eabi/lib/armv7-m/crt0.o (exit)
c:/program files (x86)/cypress/psoc creator/4.4/psoc creator/import/gnu/arm/5.4.1/bin/../lib/gcc/arm-none-eabi/5.4.1/../../../../arm-none-eabi/lib/armv7-m\libg_nano.a(lib_a-impure.o)
                              c:/program files (x86)/cypress/psoc creator/4.4/psoc creator/import/gnu/arm/5.4.1/bin/../lib/gcc/arm-none-eabi/5.4.1/../../../../arm-none-eabi/lib/armv7-m\libg_nano.a(lib_a-exit.o) (_global_impure_ptr)
c:/program files (x86)/cypress/psoc creator/4.4/psoc creator/import/gnu/arm/5.4.1/bin/../lib/gcc/arm-none-eabi/5.4.1/../../../../arm-none-eabi/lib/armv7-m\libg_nano.a(lib_a-init.o)
                              c:/program files (x86)/cypress/psoc creator/4.4/psoc creator/import/gnu/arm/5.4.1/bin/../lib/gcc/arm-none-eabi/5.4.1/../../../../arm-none-eabi/lib/armv7-m/crt0.o (__libc_init_array)
c:/program files (x86)/cypress/psoc creator/4.4/psoc creator/import/gnu/arm/5.4.1/bin/../lib/gcc/arm-none-eabi/5.4.1/../../../../arm-none-eabi/lib/armv7-m\libg_nano.a(lib_a-memcpy-stub.o)
                              .\CortexM3\ARM_GCC_541\Debug\cyfitter_cfg.o (memcpy)
c:/program files (x86)/cypress/psoc creator/4.4/psoc creator/import/gnu/arm/5.4.1/bin/../lib/gcc/arm-none-eabi/5.4.1/../../../../arm-none-eabi/lib/armv7-m\libg_nano.a(lib_a-memset.o)
                              c:/program files (x86)/cypress/psoc creator/4.4/psoc creator/import/gnu/arm/5.4.1/bin/../lib/gcc/arm-none-eabi/5.4.1/../../../../arm-none-eabi/lib/armv7-m/crt0.o (memset)
c:/program files (x86)/cypress/psoc creator/4.4/psoc creator/import/gnu/arm/5.4.1/bin/../lib/gcc/arm-none-eabi/5.4.1/../../../../arm-none-eabi/lib/armv7-m\libg_nano.a(lib_a-strlen.o)
                              .\CortexM3\ARM_GCC_541\Debug\LiquidCrystal_I2C.o (strlen)

Allocating common symbols
Common symbol       size              file

[...]
Memory Configuration

Name             Origin             Length             Attributes
rom              0x00000000         0x00040000         xr
ram              0x1fff8000         0x00010000         xrw
*default*        0x00000000         0xffffffff

Linker script and memory map

LOAD c:/program files (x86)/cypress/psoc creator/4.4/psoc creator/import/gnu/arm/5.4.1/bin/../lib/gcc/arm-none-eabi/5.4.1/armv7-m/crti.o
LOAD c:/program files (x86)/cypress/psoc creator/4.4/psoc creator/import/gnu/arm/5.4.1/bin/../lib/gcc/arm-none-eabi/5.4.1/armv7-m/crtbegin.o
LOAD c:/program files (x86)/cypress/psoc creator/4.4/psoc creator/import/gnu/arm/5.4.1/bin/../lib/gcc/arm-none-eabi/5.4.1/../../../../arm-none-eabi/lib/armv7-m/crt0.o
START GROUP
LOAD .\CortexM3\ARM_GCC_541\Debug\main.o
LOAD .\CortexM3\ARM_GCC_541\Debug\LiquidCrystal_I2C.o
LOAD .\CortexM3\ARM_GCC_541\Debug\cyfitter_cfg.o
LOAD .\CortexM3\ARM_GCC_541\Debug\cymetadata.o
LOAD .\CortexM3\ARM_GCC_541\Debug\Cm3Start.o
LOAD .\CortexM3\ARM_GCC_541\Debug\RobotBluetoth.a
LOAD C:\Program Files (x86)\Cypress\PSoC Creator\4.4\PSoC Creator\psoc\content\cycomponentlibrary\CyComponentLibrary.cylib\CortexM3\ARM_GCC_541\Debug\CyComponentLibrary.a
END GROUP
START GROUP
LOAD c:/program files (x86)/cypress/psoc creator/4.4/psoc creator/import/gnu/arm/5.4.1/bin/../lib/gcc/arm-none-eabi/5.4.1/armv7-m\libgcc.a
LOAD c:/program files (x86)/cypress/psoc creator/4.4/psoc creator/import/gnu/arm/5.4.1/bin/../lib/gcc/arm-none-eabi/5.4.1/../../../../arm-none-eabi/lib/armv7-m\libg_nano.a
LOAD c:/program files (x86)/cypress/psoc creator/4.4/psoc creator/import/gnu/arm/5.4.1/bin/../lib/gcc/arm-none-eabi/5.4.1/../../../../arm-none-eabi/lib/armv7-m\libc_nano.a
END GROUP
START GROUP
LOAD c:/program files (x86)/cypress/psoc creator/4.4/psoc creator/import/gnu/arm/5.4.1/bin/../lib/gcc/arm-none-eabi/5.4.1/armv7-m\libgcc.a
LOAD c:/program files (x86)/cypress/psoc creator/4.4/psoc creator/import/gnu/arm/5.4.1/bin/../lib/gcc/arm-none-eabi/5.4.1/../../../../arm-none-eabi/lib/armv7-m\libc_nano.a
END GROUP
LOAD c:/program files (x86)/cypress/psoc creator/4.4/psoc creator/import/gnu/arm/5.4.1/bin/../lib/gcc/arm-none-eabi/5.4.1/armv7-m/crtend.o
LOAD c:/program files (x86)/cypress/psoc creator/4.4/psoc creator/import/gnu/arm/5.4.1/bin/../lib/gcc/arm-none-eabi/5.4.1/armv7-m/crtn.o
START GROUP
LOAD c:/program files (x86)/cypress/psoc creator/4.4/psoc creator/import/gnu/arm/5.4.1/bin/../lib/gcc/arm-none-eabi/5.4.1/armv7-m\libgcc.a
LOAD c:/program files (x86)/cypress/psoc creator/4.4/psoc creator/import/gnu/arm/5.4.1/bin/../lib/gcc/arm-none-eabi/5.4.1/../../../../arm-none-eabi/lib/armv7-m\libc.a
LOAD c:/program files (x86)/cypress/psoc creator/4.4/psoc creator/import/gnu/arm/5.4.1/bin/../lib/gcc/arm-none-eabi/5.4.1/../../../../arm-none-eabi/lib/armv7-m\libnosys.a
END GROUP
                0x00000000                CY_APPL_ORIGIN = 0x0
                0x00000100                CY_FLASH_ROW_SIZE = 0x100
                0x00000020                CY_ECC_ROW_SIZE = 0x20
                0x00000000                CY_EE_IN_BTLDR = 0x0
                0x00000000                CY_APPL_LOADABLE = 0x0
                0x00000800                CY_EE_SIZE = 0x800
                0x00000001                CY_APPL_NUM = 0x1
                0x00000001                CY_APPL_MAX = 0x1
                0x00000040                CY_METADATA_SIZE = 0x40
                0x00000000                CY_APPL_LOADABLE = 0x0
                0x00000000                CY_CHECKSUM_EXCLUDE_SIZE = ALIGN (0x0, CY_FLASH_ROW_SIZE)
                [!provide]                PROVIDE (__cy_heap_start, _end)
                0x00000001                PROVIDE (__cy_region_num, ((__cy_regions_end - __cy_regions) / 0x10))
                0x20008000                PROVIDE (__cy_stack, (ORIGIN (ram) + LENGTH (ram)))
                [!provide]                PROVIDE (__cy_heap_end, (__cy_stack - 0x800))

.cybootloader   0x00000000        0x0
 *(.cybootloader)
                0x00000000                appl1_start = CY_APPL_ORIGIN?CY_APPL_ORIGIN:ALIGN (CY_FLASH_ROW_SIZE)
                0x0001ff00                appl2_start = (appl1_start + ALIGN ((((LENGTH (rom) - appl1_start) - (0x2 * CY_FLASH_ROW_SIZE)) / 0x2), CY_FLASH_ROW_SIZE))
                0x00000000                appl_start = (CY_APPL_NUM == 0x1)?appl1_start:appl2_start
                0x00000000                ecc_offset = ((appl_start / CY_FLASH_ROW_SIZE) * CY_ECC_ROW_SIZE)
                0x00000000                ee_offset = (CY_APPL_LOADABLE && ! (CY_EE_IN_BTLDR))?((CY_EE_SIZE / CY_APPL_MAX) * (CY_APPL_NUM - 0x1)):0x0
                0x00000800                ee_size = (CY_APPL_LOADABLE && ! (CY_EE_IN_BTLDR))?(CY_EE_SIZE / CY_APPL_MAX):CY_EE_SIZE
                [!provide]                PROVIDE (CY_ECC_OFFSET, ecc_offset)

.text           0x00000000     0x108e
 CREATE_OBJECT_SYMBOLS
                0x00000000                PROVIDE (__cy_interrupt_vector, RomVectors)
 *(.romvectors)
 .romvectors    0x00000000       0x10 .\CortexM3\ARM_GCC_541\Debug\Cm3Start.o
                0x00000000                RomVectors
                0x00000001                ASSERT ((. != __cy_interrupt_vector), No interrupt vector)
                0x00000001                ASSERT (CY_APPL_ORIGIN?(SIZEOF (.cybootloader) <= CY_APPL_ORIGIN):0x1, Wrong image location)
                0x00000010                PROVIDE (__cy_reset, Reset)
 *(.text.Reset)
 .text.Reset    0x00000010       0x18 .\CortexM3\ARM_GCC_541\Debug\Cm3Start.o
                0x00000010                Reset
                0x00000001                ASSERT ((. != __cy_reset), No reset code)
 *(.dma_init)
                0x00000001                ASSERT ((((appl_start + .) <= 0x10000) || 0x1), DMA Init must be within the first 64k of flash)
 *(.text .text.* .gnu.linkonce.t.*)
 .text          0x00000028       0x5c c:/program files (x86)/cypress/psoc creator/4.4/psoc creator/import/gnu/arm/5.4.1/bin/../lib/gcc/arm-none-eabi/5.4.1/armv7-m/crtbegin.o
 .text.InterrumpISR
                0x00000084       0x44 .\CortexM3\ARM_GCC_541\Debug\main.o
                0x00000084                InterrumpISR
 .text.TurnRight
                0x000000c8       0x50 .\CortexM3\ARM_GCC_541\Debug\main.o
                0x000000c8                TurnRight
 .text.TurnLeft
                0x00000118       0x50 .\CortexM3\ARM_GCC_541\Debug\main.o
                0x00000118                TurnLeft
 .text.Forward  0x00000168       0x50 .\CortexM3\ARM_GCC_541\Debug\main.o
                0x00000168                Forward
 .text.Back     0x000001b8       0x50 .\CortexM3\ARM_GCC_541\Debug\main.o
                0x000001b8                Back
 .text.Detener  0x00000208       0x50 .\CortexM3\ARM_GCC_541\Debug\main.o
                0x00000208                Detener
 .text.main     0x00000258       0xe0 .\CortexM3\ARM_GCC_541\Debug\main.o
                0x00000258                main
 .text.LiquidCrystal_I2C_init
                0x00000338       0x30 .\CortexM3\ARM_GCC_541\Debug\LiquidCrystal_I2C.o
                0x00000338                LiquidCrystal_I2C_init
 .text.I2C_M_write_byte
                0x00000368       0x18 .\CortexM3\ARM_GCC_541\Debug\LiquidCrystal_I2C.o
                0x00000368                I2C_M_write_byte
 .text.expanderWrite
                0x00000380       0x1c .\CortexM3\ARM_GCC_541\Debug\LiquidCrystal_I2C.o
                0x00000380                expanderWrite
 .text.pulseEnable
                0x0000039c       0x24 .\CortexM3\ARM_GCC_541\Debug\LiquidCrystal_I2C.o
                0x0000039c                pulseEnable
 .text.write4bits
                0x000003c0       0x10 .\CortexM3\ARM_GCC_541\Debug\LiquidCrystal_I2C.o
                0x000003c0                write4bits
 .text.send     0x000003d0       0x20 .\CortexM3\ARM_GCC_541\Debug\LiquidCrystal_I2C.o
                0x000003d0                send
 .text.command  0x000003f0        0xc .\CortexM3\ARM_GCC_541\Debug\LiquidCrystal_I2C.o
                0x000003f0                command
 .text.clear    0x000003fc       0x10 .\CortexM3\ARM_GCC_541\Debug\LiquidCrystal_I2C.o
                0x000003fc                clear
 .text.home     0x0000040c       0x10 .\CortexM3\ARM_GCC_541\Debug\LiquidCrystal_I2C.o
                0x0000040c                home
 .text.setCursor
                0x0000041c       0x44 .\CortexM3\ARM_GCC_541\Debug\LiquidCrystal_I2C.o
                0x0000041c                setCursor
 .text.display  0x00000460       0x1c .\CortexM3\ARM_GCC_541\Debug\LiquidCrystal_I2C.o
                0x00000460                display
 .text.write    0x0000047c        0xc .\CortexM3\ARM_GCC_541\Debug\LiquidCrystal_I2C.o
                0x0000047c                write
 .text.LCD_print
                0x00000488       0x20 .\CortexM3\ARM_GCC_541\Debug\LiquidCrystal_I2C.o
                0x00000488                LCD_print
 .text.begin    0x000004a8       0xb4 .\CortexM3\ARM_GCC_541\Debug\LiquidCrystal_I2C.o
                0x000004a8                begin
 .text.CyClockStartupError
                0x0000055c        0x4 .\CortexM3\ARM_GCC_541\Debug\cyfitter_cfg.o
 .text.cfg_write_bytes32
                0x00000560       0x34 .\CortexM3\ARM_GCC_541\Debug\cyfitter_cfg.o
 .text.AnalogSetDefault
                0x00000594       0x28 .\CortexM3\ARM_GCC_541\Debug\cyfitter_cfg.o
 .text.CYMEMZERO
                0x000005bc        0xc .\CortexM3\ARM_GCC_541\Debug\cyfitter_cfg.o
 .text.ClockSetup
                0x000005c8       0xcc .\CortexM3\ARM_GCC_541\Debug\cyfitter_cfg.o
 .text.CYCONFIGCPY
                0x00000694        0x8 .\CortexM3\ARM_GCC_541\Debug\cyfitter_cfg.o
 .text.cyfitter_cfg
                0x0000069c      0x110 .\CortexM3\ARM_GCC_541\Debug\cyfitter_cfg.o
                0x0000069c                cyfitter_cfg
 .text.IntDefaultHandler
                0x000007ac       0x10 .\CortexM3\ARM_GCC_541\Debug\Cm3Start.o
                0x000007ac                IntDefaultHandler
 .text.Start_c  0x000007bc       0x4c .\CortexM3\ARM_GCC_541\Debug\Cm3Start.o
                0x000007bc                Start_c
 .text.initialize_psoc
                0x00000808       0x68 .\CortexM3\ARM_GCC_541\Debug\Cm3Start.o
                0x00000808                initialize_psoc
 .text.I2C_Init
                0x00000870       0x68 .\CortexM3\ARM_GCC_541\Debug\RobotBluetoth.a(I2C.o)
                0x00000870                I2C_Init
 .text.I2C_Enable
                0x000008d8       0x24 .\CortexM3\ARM_GCC_541\Debug\RobotBluetoth.a(I2C.o)
                0x000008d8                I2C_Enable
 .text.I2C_Start
                0x000008fc       0x28 .\CortexM3\ARM_GCC_541\Debug\RobotBluetoth.a(I2C.o)
                0x000008fc                I2C_Start
 .text.I2C_ISR  0x00000924      0x2d0 .\CortexM3\ARM_GCC_541\Debug\RobotBluetoth.a(I2C_INT.o)
                0x00000924                I2C_ISR
 .text.I2C_MasterSendStart
                0x00000bf4       0x80 .\CortexM3\ARM_GCC_541\Debug\RobotBluetoth.a(I2C_MASTER.o)
                0x00000bf4                I2C_MasterSendStart
 .text.I2C_MasterSendStop
                0x00000c74       0x38 .\CortexM3\ARM_GCC_541\Debug\RobotBluetoth.a(I2C_MASTER.o)
                0x00000c74                I2C_MasterSendStop
 .text.I2C_MasterWriteByte
                0x00000cac       0x58 .\CortexM3\ARM_GCC_541\Debug\RobotBluetoth.a(I2C_MASTER.o)
                0x00000cac                I2C_MasterWriteByte
 .text.UART_Init
                0x00000d04       0x14 .\CortexM3\ARM_GCC_541\Debug\RobotBluetoth.a(UART.o)
                0x00000d04                UART_Init
 .text.UART_Enable
                0x00000d18       0x2c .\CortexM3\ARM_GCC_541\Debug\RobotBluetoth.a(UART.o)
                0x00000d18                UART_Enable
 .text.UART_Start
                0x00000d44       0x1c .\CortexM3\ARM_GCC_541\Debug\RobotBluetoth.a(UART.o)
                0x00000d44                UART_Start
 .text.UART_GetChar
                0x00000d60       0x2c .\CortexM3\ARM_GCC_541\Debug\RobotBluetoth.a(UART.o)
                0x00000d60                UART_GetChar
 .text.PWM_Motores_Enable
                0x00000d8c       0x10 .\CortexM3\ARM_GCC_541\Debug\RobotBluetoth.a(PWM_Motores.o)
                0x00000d8c                PWM_Motores_Enable
 .text.PWM_Motores_WriteCounter
                0x00000d9c        0xc .\CortexM3\ARM_GCC_541\Debug\RobotBluetoth.a(PWM_Motores.o)
                0x00000d9c                PWM_Motores_WriteCounter
 .text.PWM_Motores_WritePeriod
                0x00000da8        0xc .\CortexM3\ARM_GCC_541\Debug\RobotBluetoth.a(PWM_Motores.o)
                0x00000da8                PWM_Motores_WritePeriod
 .text.PWM_Motores_WriteCompare1
                0x00000db4        0xc .\CortexM3\ARM_GCC_541\Debug\RobotBluetoth.a(PWM_Motores.o)
                0x00000db4                PWM_Motores_WriteCompare1
 .text.PWM_Motores_WriteCompare2
                0x00000dc0        0xc .\CortexM3\ARM_GCC_541\Debug\RobotBluetoth.a(PWM_Motores.o)
                0x00000dc0                PWM_Motores_WriteCompare2
 .text.PWM_Motores_SetInterruptMode
                0x00000dcc        0xc .\CortexM3\ARM_GCC_541\Debug\RobotBluetoth.a(PWM_Motores.o)
                0x00000dcc                PWM_Motores_SetInterruptMode
 .text.PWM_Motores_ReadStatusRegister
                0x00000dd8        0xc .\CortexM3\ARM_GCC_541\Debug\RobotBluetoth.a(PWM_Motores.o)
                0x00000dd8                PWM_Motores_ReadStatusRegister
 .text.PWM_Motores_ReadCapture
                0x00000de4        0xc .\CortexM3\ARM_GCC_541\Debug\RobotBluetoth.a(PWM_Motores.o)
                0x00000de4                PWM_Motores_ReadCapture
 .text.PWM_Motores_ClearFIFO
                0x00000df0       0x14 .\CortexM3\ARM_GCC_541\Debug\RobotBluetoth.a(PWM_Motores.o)
                0x00000df0                PWM_Motores_ClearFIFO
 .text.PWM_Motores_Init
                0x00000e04       0x58 .\CortexM3\ARM_GCC_541\Debug\RobotBluetoth.a(PWM_Motores.o)
                0x00000e04                PWM_Motores_Init
 .text.PWM_Motores_Start
                0x00000e5c       0x1c .\CortexM3\ARM_GCC_541\Debug\RobotBluetoth.a(PWM_Motores.o)
                0x00000e5c                PWM_Motores_Start
 .text.RXisr_SetVector
                0x00000e78        0xc .\CortexM3\ARM_GCC_541\Debug\RobotBluetoth.a(RXisr.o)
                0x00000e78                RXisr_SetVector
 .text.RXisr_SetPriority
                0x00000e84       0x10 .\CortexM3\ARM_GCC_541\Debug\RobotBluetoth.a(RXisr.o)
                0x00000e84                RXisr_SetPriority
 .text.RXisr_Enable
                0x00000e94        0xc .\CortexM3\ARM_GCC_541\Debug\RobotBluetoth.a(RXisr.o)
                0x00000e94                RXisr_Enable
 .text.RXisr_Disable
                0x00000ea0        0xc .\CortexM3\ARM_GCC_541\Debug\RobotBluetoth.a(RXisr.o)
                0x00000ea0                RXisr_Disable
 .text.RXisr_StartEx
                0x00000eac       0x1c .\CortexM3\ARM_GCC_541\Debug\RobotBluetoth.a(RXisr.o)
                0x00000eac                RXisr_StartEx
 .text.M1_1_Write
                0x00000ec8       0x18 .\CortexM3\ARM_GCC_541\Debug\RobotBluetoth.a(M1_1.o)
                0x00000ec8                M1_1_Write
 .text.M1_2_Write
                0x00000ee0       0x18 .\CortexM3\ARM_GCC_541\Debug\RobotBluetoth.a(M1_2.o)
                0x00000ee0                M1_2_Write
 .text.M2_1_Write
                0x00000ef8       0x18 .\CortexM3\ARM_GCC_541\Debug\RobotBluetoth.a(M2_1.o)
                0x00000ef8                M2_1_Write
 .text.M2_2_Write
                0x00000f10       0x18 .\CortexM3\ARM_GCC_541\Debug\RobotBluetoth.a(M2_2.o)
                0x00000f10                M2_2_Write
 .text.UART_IntClock_Start
                0x00000f28       0x1c .\CortexM3\ARM_GCC_541\Debug\RobotBluetoth.a(UART_IntClock.o)
                0x00000f28                UART_IntClock_Start
 .text.CyHalt   0x00000f44        0x4 .\CortexM3\ARM_GCC_541\Debug\RobotBluetoth.a(CyLib.o)
                0x00000f44                CyHalt
 .text.CyDelay  0x00000f48       0x2c .\CortexM3\ARM_GCC_541\Debug\RobotBluetoth.a(CyLib.o)
                0x00000f48                CyDelay
 .text.CyDelayUs
                0x00000f74       0x14 .\CortexM3\ARM_GCC_541\Debug\RobotBluetoth.a(CyLib.o)
                0x00000f74                CyDelayUs
 .text.CyIntSetVector
                0x00000f88       0x28 .\CortexM3\ARM_GCC_541\Debug\RobotBluetoth.a(CyLib.o)
                0x00000f88                CyIntSetVector
 .text.CyIntSetPriority
                0x00000fb0       0x30 .\CortexM3\ARM_GCC_541\Debug\RobotBluetoth.a(CyLib.o)
                0x00000fb0                CyIntSetPriority
 .text          0x00000fe0       0x20 .\CortexM3\ARM_GCC_541\Debug\RobotBluetoth.a(CyBootAsmGnu.o)
                0x00000fe0                CyDelayCycles
                0x00000ff0                CyEnterCriticalSection
                0x00000ff8                CyExitCriticalSection
 .text.__errno  0x00001000        0xc c:/program files (x86)/cypress/psoc creator/4.4/psoc creator/import/gnu/arm/5.4.1/bin/../lib/gcc/arm-none-eabi/5.4.1/../../../../arm-none-eabi/lib/armv7-m\libg_nano.a(lib_a-errno.o)
                0x00001000                __errno
 .text.__libc_init_array
                0x0000100c       0x4c c:/program files (x86)/cypress/psoc creator/4.4/psoc creator/import/gnu/arm/5.4.1/bin/../lib/gcc/arm-none-eabi/5.4.1/../../../../arm-none-eabi/lib/armv7-m\libg_nano.a(lib_a-init.o)
                0x0000100c                __libc_init_array
 .text.memcpy   0x00001058       0x16 c:/program files (x86)/cypress/psoc creator/4.4/psoc creator/import/gnu/arm/5.4.1/bin/../lib/gcc/arm-none-eabi/5.4.1/../../../../arm-none-eabi/lib/armv7-m\libg_nano.a(lib_a-memcpy-stub.o)
                0x00001058                memcpy
 .text.memset   0x0000106e       0x10 c:/program files (x86)/cypress/psoc creator/4.4/psoc creator/import/gnu/arm/5.4.1/bin/../lib/gcc/arm-none-eabi/5.4.1/../../../../arm-none-eabi/lib/armv7-m\libg_nano.a(lib_a-memset.o)
                0x0000106e                memset
 .text          0x0000107e       0x10 c:/program files (x86)/cypress/psoc creator/4.4/psoc creator/import/gnu/arm/5.4.1/bin/../lib/gcc/arm-none-eabi/5.4.1/../../../../arm-none-eabi/lib/armv7-m\libg_nano.a(lib_a-strlen.o)
                0x0000107e                strlen
 *(.plt)
 *(.gnu.warning)
 *(.glue_7t)
 .glue_7t       0x0000108e        0x0 linker stubs
 *(.glue_7)
 .glue_7        0x0000108e        0x0 linker stubs
 *(.vfp11_veneer)
 .vfp11_veneer  0x0000108e        0x0 linker stubs
 *(.bootloader)
 *(.ARM.extab* .gnu.linkonce.armextab.*)
 *(.gcc_except_table)

.v4_bx          0x00001090        0x0
 .v4_bx         0x00001090        0x0 linker stubs

.iplt           0x00001090        0x0
 .iplt          0x00001090        0x0 c:/program files (x86)/cypress/psoc creator/4.4/psoc creator/import/gnu/arm/5.4.1/bin/../lib/gcc/arm-none-eabi/5.4.1/armv7-m/crtbegin.o

.eh_frame_hdr
 *(.eh_frame_hdr)

.eh_frame       0x00001090        0x4
 *(.eh_frame)
 .eh_frame      0x00001090        0x0 c:/program files (x86)/cypress/psoc creator/4.4/psoc creator/import/gnu/arm/5.4.1/bin/../lib/gcc/arm-none-eabi/5.4.1/armv7-m/crtbegin.o
 .eh_frame      0x00001090        0x4 c:/program files (x86)/cypress/psoc creator/4.4/psoc creator/import/gnu/arm/5.4.1/bin/../lib/gcc/arm-none-eabi/5.4.1/armv7-m/crtend.o
                [!provide]                PROVIDE (__exidx_start, .)

.ARM.exidx
 *(.ARM.exidx* .gnu.linkonce.armexidx.*)
                0x00001094                __exidx_end = .

.rodata         0x00001094       0xdc
 *(.rodata .rodata.* .gnu.linkonce.r.*)
 .rodata.str1.4
                0x00001094       0x48 .\CortexM3\ARM_GCC_541\Debug\main.o
                                 0x45 (size before relaxing)
 .rodata        0x000010dc       0x10 .\CortexM3\ARM_GCC_541\Debug\LiquidCrystal_I2C.o
 .rodata        0x000010ec       0x4c .\CortexM3\ARM_GCC_541\Debug\cyfitter_cfg.o
 .rodata.str1.1
                0x00001138        0x2 c:/program files (x86)/cypress/psoc creator/4.4/psoc creator/import/gnu/arm/5.4.1/bin/../lib/gcc/arm-none-eabi/5.4.1/../../../../arm-none-eabi/lib/armv7-m\libg_nano.a(lib_a-impure.o)
                0x0000113c                . = ALIGN (0x4)
 *fill*         0x0000113a        0x2 
 *(.init)
 .init          0x0000113c        0x4 c:/program files (x86)/cypress/psoc creator/4.4/psoc creator/import/gnu/arm/5.4.1/bin/../lib/gcc/arm-none-eabi/5.4.1/armv7-m/crti.o
                0x0000113c                _init
 .init          0x00001140        0x8 c:/program files (x86)/cypress/psoc creator/4.4/psoc creator/import/gnu/arm/5.4.1/bin/../lib/gcc/arm-none-eabi/5.4.1/armv7-m/crtn.o
                0x00001148                . = ALIGN (0x4)
                0x00001148                __preinit_array_start = .
 *(.preinit_array)
                0x00001148                __preinit_array_end = .
                0x00001148                . = ALIGN (0x4)
                0x00001148                __init_array_start = .
 *(SORT(.init_array.*))
 *(.init_array)
 .init_array    0x00001148        0x4 c:/program files (x86)/cypress/psoc creator/4.4/psoc creator/import/gnu/arm/5.4.1/bin/../lib/gcc/arm-none-eabi/5.4.1/armv7-m/crtbegin.o
 .init_array    0x0000114c        0x4 .\CortexM3\ARM_GCC_541\Debug\Cm3Start.o
                0x00001150                __init_array_end = .
                0x00001150                . = ALIGN (0x4)
 *(.fini)
 .fini          0x00001150        0x4 c:/program files (x86)/cypress/psoc creator/4.4/psoc creator/import/gnu/arm/5.4.1/bin/../lib/gcc/arm-none-eabi/5.4.1/armv7-m/crti.o
                0x00001150                _fini
 .fini          0x00001154        0x8 c:/program files (x86)/cypress/psoc creator/4.4/psoc creator/import/gnu/arm/5.4.1/bin/../lib/gcc/arm-none-eabi/5.4.1/armv7-m/crtn.o
                0x0000115c                . = ALIGN (0x4)
                0x0000115c                __fini_array_start = .
 *(.fini_array)
 .fini_array    0x0000115c        0x4 c:/program files (x86)/cypress/psoc creator/4.4/psoc creator/import/gnu/arm/5.4.1/bin/../lib/gcc/arm-none-eabi/5.4.1/armv7-m/crtbegin.o
 *(SORT(.fini_array.*))
                0x00001160                __fini_array_end = .
                0x00001160                . = ALIGN (0x4)
 *crtbegin.o(.ctors)
 *(EXCLUDE_FILE(*crtend.o) .ctors)
 *(SORT(.ctors.*))
 *crtend.o(.ctors)
                0x00001160                . = ALIGN (0x4)
 *crtbegin.o(.dtors)
 *(EXCLUDE_FILE(*crtend.o) .dtors)
 *(SORT(.dtors.*))
 *crtend.o(.dtors)
                0x00001160                . = ALIGN (0x4)
                0x00001160                __cy_regions = .
                0x00001160        0x4 LONG 0x1170 __cy_region_init_ram
                0x00001164        0x4 LONG 0x1fff80c8 __cy_region_start_data
                0x00001168        0x4 LONG 0x78 __cy_region_init_size_ram
                0x0000116c        0x4 LONG 0x40 __cy_region_zero_size_ram
                0x00001170                __cy_regions_end = .
                0x00001170                . = ALIGN (0x8)
                0x00001170                _etext = .

.cy_checksum_exclude
                0x00001170        0x0
 *(.cy_checksum_exclude)

.ramvectors     0x1fff8000       0xc0
                0x1fff8000                __cy_region_start_ram = .
 *(.ramvectors)
 .ramvectors    0x1fff8000       0xc0 .\CortexM3\ARM_GCC_541\Debug\Cm3Start.o
                0x1fff8000                CyRamVectors

.noinit         0x1fff80c0        0x1
 *(.noinit)
 .noinit        0x1fff80c0        0x1 .\CortexM3\ARM_GCC_541\Debug\RobotBluetoth.a(CyLib.o)
                0x1fff80c0                CyResetStatus

.data           0x1fff80c8       0x78 load address 0x00001170
                0x1fff80c8                __cy_region_start_data = .
 *(.jcr)
 .jcr           0x1fff80c8        0x0 c:/program files (x86)/cypress/psoc creator/4.4/psoc creator/import/gnu/arm/5.4.1/bin/../lib/gcc/arm-none-eabi/5.4.1/armv7-m/crtbegin.o
 .jcr           0x1fff80c8        0x4 c:/program files (x86)/cypress/psoc creator/4.4/psoc creator/import/gnu/arm/5.4.1/bin/../lib/gcc/arm-none-eabi/5.4.1/armv7-m/crtend.o
 *(.got.plt)
 *(.got)
 *(.shdata)
 *(.data .data.* .gnu.linkonce.d.*)
 .data          0x1fff80cc       0x10 .\CortexM3\ARM_GCC_541\Debug\RobotBluetoth.a(CyLib.o)
                0x1fff80cc                cydelay_32k_ms
                0x1fff80d0                cydelay_freq_khz
                0x1fff80d4                cydelay_freq_mhz
                0x1fff80d8                cydelay_freq_hz
 .data.impure_data
                0x1fff80dc       0x60 c:/program files (x86)/cypress/psoc creator/4.4/psoc creator/import/gnu/arm/5.4.1/bin/../lib/gcc/arm-none-eabi/5.4.1/../../../../arm-none-eabi/lib/armv7-m\libg_nano.a(lib_a-impure.o)
 .data._impure_ptr
                0x1fff813c        0x4 c:/program files (x86)/cypress/psoc creator/4.4/psoc creator/import/gnu/arm/5.4.1/bin/../lib/gcc/arm-none-eabi/5.4.1/../../../../arm-none-eabi/lib/armv7-m\libg_nano.a(lib_a-impure.o)
                0x1fff813c                _impure_ptr
                0x1fff8140                . = ALIGN (0x8)
 *(.ram)
                0x1fff8140                _edata = .

.igot.plt       0x1fff8140        0x0 load address 0x000011e8
 .igot.plt      0x1fff8140        0x0 c:/program files (x86)/cypress/psoc creator/4.4/psoc creator/import/gnu/arm/5.4.1/bin/../lib/gcc/arm-none-eabi/5.4.1/armv7-m/crtbegin.o

.bss            0x1fff8140       0x40 load address 0x000011e8
                0x1fff8140                PROVIDE (__bss_start__, .)
 *(.shbss)
 *(.bss .bss.* .gnu.linkonce.b.*)
 .bss           0x1fff8140       0x1c c:/program files (x86)/cypress/psoc creator/4.4/psoc creator/import/gnu/arm/5.4.1/bin/../lib/gcc/arm-none-eabi/5.4.1/armv7-m/crtbegin.o
 .bss           0x1fff815c        0x4 .\CortexM3\ARM_GCC_541\Debug\main.o
                0x1fff815c                adelantePresionado
                0x1fff815d                atrasPresionado
                0x1fff815e                derechaPresionado
                0x1fff815f                izquierdaPresionado
 .bss           0x1fff8160        0x1 .\CortexM3\ARM_GCC_541\Debug\RobotBluetoth.a(I2C.o)
                0x1fff8160                I2C_initVar
 .bss           0x1fff8161        0x1 .\CortexM3\ARM_GCC_541\Debug\RobotBluetoth.a(UART.o)
                0x1fff8161                UART_initVar
 .bss           0x1fff8162        0x1 .\CortexM3\ARM_GCC_541\Debug\RobotBluetoth.a(PWM_Motores.o)
                0x1fff8162                PWM_Motores_initVar
 *(COMMON)
 COMMON         0x1fff8163        0x1 .\CortexM3\ARM_GCC_541\Debug\main.o
                0x1fff8163                dato
 COMMON         0x1fff8164        0x8 .\CortexM3\ARM_GCC_541\Debug\LiquidCrystal_I2C.o
                0x1fff8164                _backlightval
                0x1fff8165                _addr
                0x1fff8166                _displaycontrol
                0x1fff8167                _charsize
                0x1fff8168                _displaymode
                0x1fff8169                _displayfunction
                0x1fff816a                _cols
                0x1fff816b                _rows
 COMMON         0x1fff816c        0x1 .\CortexM3\ARM_GCC_541\Debug\RobotBluetoth.a(I2C.o)
                0x1fff816c                I2C_state
 *fill*         0x1fff816d        0x3 
 COMMON         0x1fff8170       0x10 .\CortexM3\ARM_GCC_541\Debug\RobotBluetoth.a(I2C_MASTER.o)
                0x1fff8170                I2C_mstrWrBufIndex
                0x1fff8171                I2C_mstrWrBufSize
                0x1fff8172                I2C_mstrStatus
                0x1fff8174                I2C_mstrRdBufPtr
                0x1fff8178                I2C_mstrControl
                0x1fff8179                I2C_mstrRdBufSize
                0x1fff817a                I2C_mstrRdBufIndex
                0x1fff817c                I2C_mstrWrBufPtr
                0x1fff8180                . = ALIGN (0x8)
 *(.ram.b)
                0x1fff8180                _end = .
                0x1fff8180                __end = .
                0x1fff8180                PROVIDE (end, .)
                0x1fff8180                PROVIDE (__bss_end__, .)
                0x00001170                __cy_region_init_ram = LOADADDR (.data)
                0x00000078                __cy_region_init_size_ram = (_edata - ADDR (.data))
                0x00000040                __cy_region_zero_size_ram = (_end - _edata)

.heap           0x1fff8180       0x80 load address 0x000011e8
                0x1fff8180                . = _end
                0x1fff8200                . = (. + 0x80)
 *fill*         0x1fff8180       0x80 
                0x1fff8200                __cy_heap_limit = .

.stack          0x20007800      0x800
                0x20007800                __cy_stack_limit = .
                0x20008000                . = (. + 0x800)
 *fill*         0x20007800      0x800 
                0x00000001                ASSERT ((__cy_stack_limit >= __cy_heap_limit), region RAM overflowed with stack)
                0x00000000                cy_checksum_exclude_size = (CY_APPL_LOADABLE == 0x1)?SIZEOF (.cy_checksum_exclude):0x0
                0x00000001                ASSERT ((cy_checksum_exclude_size <= CY_CHECKSUM_EXCLUDE_SIZE), CY_BOOT: Section .cy_checksum_exclude size exceedes specified limit.)

.cyloadermeta
 *(.cyloadermeta)

.cyloadablemeta
 *(.cyloadablemeta)

.cyconfigecc    0x80000000      0x30c
 *(.cyconfigecc)
 .cyconfigecc   0x80000000      0x30c .\CortexM3\ARM_GCC_541\Debug\cymetadata.o
                0x80000000                cy_meta_configecc

.cycustnvl      0x90000000        0x4
 *(.cycustnvl)
 .cycustnvl     0x90000000        0x4 .\CortexM3\ARM_GCC_541\Debug\cymetadata.o
                0x90000000                cy_meta_custnvl

.cywolatch      0x90100000        0x4
 *(.cywolatch)
 .cywolatch     0x90100000        0x4 .\CortexM3\ARM_GCC_541\Debug\cymetadata.o
                0x90100000                cy_meta_wonvl

.cyeeprom       0x90200000        0x0
 *(.cyeeprom)
                0x00000001                ASSERT ((. <= ((0x90200000 + ee_offset) + ee_size)), .cyeeprom data will not fit in EEPROM)

.cyflashprotect
                0x90400000      0x100
 *(.cyflashprotect)
 .cyflashprotect
                0x90400000      0x100 .\CortexM3\ARM_GCC_541\Debug\cymetadata.o
                0x90400000                cy_meta_flashprotect

.cymeta         0x90500000        0xc
 *(.cymeta)
 .cymeta        0x90500000        0xc .\CortexM3\ARM_GCC_541\Debug\cymetadata.o
                0x90500000                cy_metadata

.rel.dyn        0x000011e8        0x0 load address 0x9050000c
 .rel.iplt      0x000011e8        0x0 c:/program files (x86)/cypress/psoc creator/4.4/psoc creator/import/gnu/arm/5.4.1/bin/../lib/gcc/arm-none-eabi/5.4.1/armv7-m/crtbegin.o

.stab
 *(.stab)

.stabstr
 *(.stabstr)

.debug
 *(.debug)

.line
 *(.line)

.debug_srcinfo
 *(.debug_srcinfo)

.debug_sfnames
 *(.debug_sfnames)

.debug_aranges  0x00000000      0xaa0
 *(.debug_aranges)
 .debug_aranges
                0x00000000       0x50 .\CortexM3\ARM_GCC_541\Debug\main.o
 .debug_aranges
                0x00000050      0x118 .\CortexM3\ARM_GCC_541\Debug\LiquidCrystal_I2C.o
 .debug_aranges
                0x00000168       0x58 .\CortexM3\ARM_GCC_541\Debug\cyfitter_cfg.o
 .debug_aranges
                0x000001c0       0x18 .\CortexM3\ARM_GCC_541\Debug\cymetadata.o
 .debug_aranges
                0x000001d8       0x48 .\CortexM3\ARM_GCC_541\Debug\Cm3Start.o
 .debug_aranges
                0x00000220       0x38 .\CortexM3\ARM_GCC_541\Debug\RobotBluetoth.a(I2C.o)
 .debug_aranges
                0x00000258       0x20 .\CortexM3\ARM_GCC_541\Debug\RobotBluetoth.a(I2C_INT.o)
 .debug_aranges
                0x00000278       0x38 .\CortexM3\ARM_GCC_541\Debug\RobotBluetoth.a(I2C_PM.o)
 .debug_aranges
                0x000002b0       0x80 .\CortexM3\ARM_GCC_541\Debug\RobotBluetoth.a(I2C_MASTER.o)
 .debug_aranges
                0x00000330       0x98 .\CortexM3\ARM_GCC_541\Debug\RobotBluetoth.a(UART.o)
 .debug_aranges
                0x000003c8       0xa8 .\CortexM3\ARM_GCC_541\Debug\RobotBluetoth.a(PWM_Motores.o)
 .debug_aranges
                0x00000470       0x80 .\CortexM3\ARM_GCC_541\Debug\RobotBluetoth.a(RXisr.o)
 .debug_aranges
                0x000004f0       0x38 .\CortexM3\ARM_GCC_541\Debug\RobotBluetoth.a(M1_1.o)
 .debug_aranges
                0x00000528       0x38 .\CortexM3\ARM_GCC_541\Debug\RobotBluetoth.a(M1_2.o)
 .debug_aranges
                0x00000560       0x38 .\CortexM3\ARM_GCC_541\Debug\RobotBluetoth.a(M2_1.o)
 .debug_aranges
                0x00000598       0x38 .\CortexM3\ARM_GCC_541\Debug\RobotBluetoth.a(M2_2.o)
 .debug_aranges
                0x000005d0       0x70 .\CortexM3\ARM_GCC_541\Debug\RobotBluetoth.a(UART_IntClock.o)
 .debug_aranges
                0x00000640      0x2a0 .\CortexM3\ARM_GCC_541\Debug\RobotBluetoth.a(CyLib.o)
 .debug_aranges
                0x000008e0       0x98 .\CortexM3\ARM_GCC_541\Debug\RobotBluetoth.a(cyPm.o)
 .debug_aranges
                0x00000978       0x20 .\CortexM3\ARM_GCC_541\Debug\RobotBluetoth.a(CyBootAsmGnu.o)
 .debug_aranges
                0x00000998       0x88 .\CortexM3\ARM_GCC_541\Debug\RobotBluetoth.a(CyFlash.o)
 .debug_aranges
                0x00000a20       0x80 .\CortexM3\ARM_GCC_541\Debug\RobotBluetoth.a(CySpc.o)

.debug_pubnames
 *(.debug_pubnames)

.debug_info     0x00000000     0x616d
 *(.debug_info .gnu.linkonce.wi.*)
 .debug_info    0x00000000      0x81a .\CortexM3\ARM_GCC_541\Debug\main.o
 .debug_info    0x0000081a      0x98e .\CortexM3\ARM_GCC_541\Debug\LiquidCrystal_I2C.o
 .debug_info    0x000011a8      0x5a8 .\CortexM3\ARM_GCC_541\Debug\cyfitter_cfg.o
 .debug_info    0x00001750      0x135 .\CortexM3\ARM_GCC_541\Debug\cymetadata.o
 .debug_info    0x00001885      0x3bb .\CortexM3\ARM_GCC_541\Debug\Cm3Start.o
 .debug_info    0x00001c40      0x2ad .\CortexM3\ARM_GCC_541\Debug\RobotBluetoth.a(I2C.o)
 .debug_info    0x00001eed      0x184 .\CortexM3\ARM_GCC_541\Debug\RobotBluetoth.a(I2C_INT.o)
 .debug_info    0x00002071      0x207 .\CortexM3\ARM_GCC_541\Debug\RobotBluetoth.a(I2C_PM.o)
 .debug_info    0x00002278      0x407 .\CortexM3\ARM_GCC_541\Debug\RobotBluetoth.a(I2C_MASTER.o)
 .debug_info    0x0000267f      0x3a7 .\CortexM3\ARM_GCC_541\Debug\RobotBluetoth.a(UART.o)
 .debug_info    0x00002a26      0x381 .\CortexM3\ARM_GCC_541\Debug\RobotBluetoth.a(PWM_Motores.o)
 .debug_info    0x00002da7      0x2d2 .\CortexM3\ARM_GCC_541\Debug\RobotBluetoth.a(RXisr.o)
 .debug_info    0x00003079      0x11f .\CortexM3\ARM_GCC_541\Debug\RobotBluetoth.a(M1_1.o)
 .debug_info    0x00003198      0x11f .\CortexM3\ARM_GCC_541\Debug\RobotBluetoth.a(M1_2.o)
 .debug_info    0x000032b7      0x11f .\CortexM3\ARM_GCC_541\Debug\RobotBluetoth.a(M2_1.o)
 .debug_info    0x000033d6      0x11f .\CortexM3\ARM_GCC_541\Debug\RobotBluetoth.a(M2_2.o)
 .debug_info    0x000034f5      0x283 .\CortexM3\ARM_GCC_541\Debug\RobotBluetoth.a(UART_IntClock.o)
 .debug_info    0x00003778     0x1374 .\CortexM3\ARM_GCC_541\Debug\RobotBluetoth.a(CyLib.o)
 .debug_info    0x00004aec      0xa2a .\CortexM3\ARM_GCC_541\Debug\RobotBluetoth.a(cyPm.o)
 .debug_info    0x00005516       0xba .\CortexM3\ARM_GCC_541\Debug\RobotBluetoth.a(CyBootAsmGnu.o)
 .debug_info    0x000055d0      0x64d .\CortexM3\ARM_GCC_541\Debug\RobotBluetoth.a(CyFlash.o)
 .debug_info    0x00005c1d      0x550 .\CortexM3\ARM_GCC_541\Debug\RobotBluetoth.a(CySpc.o)

.debug_abbrev   0x00000000     0x195a
 *(.debug_abbrev)
 .debug_abbrev  0x00000000       0xf1 .\CortexM3\ARM_GCC_541\Debug\main.o
 .debug_abbrev  0x000000f1      0x167 .\CortexM3\ARM_GCC_541\Debug\LiquidCrystal_I2C.o
 .debug_abbrev  0x00000258      0x20d .\CortexM3\ARM_GCC_541\Debug\cyfitter_cfg.o
 .debug_abbrev  0x00000465       0x66 .\CortexM3\ARM_GCC_541\Debug\cymetadata.o
 .debug_abbrev  0x000004cb      0x1e8 .\CortexM3\ARM_GCC_541\Debug\Cm3Start.o
 .debug_abbrev  0x000006b3      0x10a .\CortexM3\ARM_GCC_541\Debug\RobotBluetoth.a(I2C.o)
 .debug_abbrev  0x000007bd       0xb6 .\CortexM3\ARM_GCC_541\Debug\RobotBluetoth.a(I2C_INT.o)
 .debug_abbrev  0x00000873       0xfe .\CortexM3\ARM_GCC_541\Debug\RobotBluetoth.a(I2C_PM.o)
 .debug_abbrev  0x00000971      0x13c .\CortexM3\ARM_GCC_541\Debug\RobotBluetoth.a(I2C_MASTER.o)
 .debug_abbrev  0x00000aad      0x140 .\CortexM3\ARM_GCC_541\Debug\RobotBluetoth.a(UART.o)
 .debug_abbrev  0x00000bed      0x133 .\CortexM3\ARM_GCC_541\Debug\RobotBluetoth.a(PWM_Motores.o)
 .debug_abbrev  0x00000d20      0x173 .\CortexM3\ARM_GCC_541\Debug\RobotBluetoth.a(RXisr.o)
 .debug_abbrev  0x00000e93       0x90 .\CortexM3\ARM_GCC_541\Debug\RobotBluetoth.a(M1_1.o)
 .debug_abbrev  0x00000f23       0x90 .\CortexM3\ARM_GCC_541\Debug\RobotBluetoth.a(M1_2.o)
 .debug_abbrev  0x00000fb3       0x90 .\CortexM3\ARM_GCC_541\Debug\RobotBluetoth.a(M2_1.o)
 .debug_abbrev  0x00001043       0x90 .\CortexM3\ARM_GCC_541\Debug\RobotBluetoth.a(M2_2.o)
 .debug_abbrev  0x000010d3      0x139 .\CortexM3\ARM_GCC_541\Debug\RobotBluetoth.a(UART_IntClock.o)
 .debug_abbrev  0x0000120c      0x254 .\CortexM3\ARM_GCC_541\Debug\RobotBluetoth.a(CyLib.o)
 .debug_abbrev  0x00001460      0x1ab .\CortexM3\ARM_GCC_541\Debug\RobotBluetoth.a(cyPm.o)
 .debug_abbrev  0x0000160b       0x14 .\CortexM3\ARM_GCC_541\Debug\RobotBluetoth.a(CyBootAsmGnu.o)
 .debug_abbrev  0x0000161f      0x1a7 .\CortexM3\ARM_GCC_541\Debug\RobotBluetoth.a(CyFlash.o)
 .debug_abbrev  0x000017c6      0x194 .\CortexM3\ARM_GCC_541\Debug\RobotBluetoth.a(CySpc.o)

.debug_line     0x00000000     0x299b
 *(.debug_line)
 .debug_line    0x00000000      0x284 .\CortexM3\ARM_GCC_541\Debug\main.o
 .debug_line    0x00000284      0x462 .\CortexM3\ARM_GCC_541\Debug\LiquidCrystal_I2C.o
 .debug_line    0x000006e6      0x1f5 .\CortexM3\ARM_GCC_541\Debug\cyfitter_cfg.o
 .debug_line    0x000008db      0x141 .\CortexM3\ARM_GCC_541\Debug\cymetadata.o
 .debug_line    0x00000a1c      0x234 .\CortexM3\ARM_GCC_541\Debug\Cm3Start.o
 .debug_line    0x00000c50       0xd9 .\CortexM3\ARM_GCC_541\Debug\RobotBluetoth.a(I2C.o)
 .debug_line    0x00000d29      0x114 .\CortexM3\ARM_GCC_541\Debug\RobotBluetoth.a(I2C_INT.o)
 .debug_line    0x00000e3d       0xbb .\CortexM3\ARM_GCC_541\Debug\RobotBluetoth.a(I2C_PM.o)
 .debug_line    0x00000ef8      0x1fd .\CortexM3\ARM_GCC_541\Debug\RobotBluetoth.a(I2C_MASTER.o)
 .debug_line    0x000010f5      0x1a8 .\CortexM3\ARM_GCC_541\Debug\RobotBluetoth.a(UART.o)
 .debug_line    0x0000129d      0x1af .\CortexM3\ARM_GCC_541\Debug\RobotBluetoth.a(PWM_Motores.o)
 .debug_line    0x0000144c      0x132 .\CortexM3\ARM_GCC_541\Debug\RobotBluetoth.a(RXisr.o)
 .debug_line    0x0000157e       0x91 .\CortexM3\ARM_GCC_541\Debug\RobotBluetoth.a(M1_1.o)
 .debug_line    0x0000160f       0x91 .\CortexM3\ARM_GCC_541\Debug\RobotBluetoth.a(M1_2.o)
 .debug_line    0x000016a0       0x91 .\CortexM3\ARM_GCC_541\Debug\RobotBluetoth.a(M2_1.o)
 .debug_line    0x00001731       0x91 .\CortexM3\ARM_GCC_541\Debug\RobotBluetoth.a(M2_2.o)
 .debug_line    0x000017c2      0x17c .\CortexM3\ARM_GCC_541\Debug\RobotBluetoth.a(UART_IntClock.o)
 .debug_line    0x0000193e      0x816 .\CortexM3\ARM_GCC_541\Debug\RobotBluetoth.a(CyLib.o)
 .debug_line    0x00002154      0x367 .\CortexM3\ARM_GCC_541\Debug\RobotBluetoth.a(cyPm.o)
 .debug_line    0x000024bb       0x66 .\CortexM3\ARM_GCC_541\Debug\RobotBluetoth.a(CyBootAsmGnu.o)
 .debug_line    0x00002521      0x21a .\CortexM3\ARM_GCC_541\Debug\RobotBluetoth.a(CyFlash.o)
 .debug_line    0x0000273b      0x260 .\CortexM3\ARM_GCC_541\Debug\RobotBluetoth.a(CySpc.o)

.debug_frame    0x00000000     0x1b48
 *(.debug_frame)
 .debug_frame   0x00000000       0xd4 .\CortexM3\ARM_GCC_541\Debug\main.o
 .debug_frame   0x000000d4      0x3a4 .\CortexM3\ARM_GCC_541\Debug\LiquidCrystal_I2C.o
 .debug_frame   0x00000478       0xe4 .\CortexM3\ARM_GCC_541\Debug\cyfitter_cfg.o
 .debug_frame   0x0000055c       0xb8 .\CortexM3\ARM_GCC_541\Debug\Cm3Start.o
 .debug_frame   0x00000614       0x94 .\CortexM3\ARM_GCC_541\Debug\RobotBluetoth.a(I2C.o)
 .debug_frame   0x000006a8       0x30 .\CortexM3\ARM_GCC_541\Debug\RobotBluetoth.a(I2C_INT.o)
 .debug_frame   0x000006d8       0x74 .\CortexM3\ARM_GCC_541\Debug\RobotBluetoth.a(I2C_PM.o)
 .debug_frame   0x0000074c      0x138 .\CortexM3\ARM_GCC_541\Debug\RobotBluetoth.a(I2C_MASTER.o)
 .debug_frame   0x00000884      0x14c .\CortexM3\ARM_GCC_541\Debug\RobotBluetoth.a(UART.o)
 .debug_frame   0x000009d0      0x154 .\CortexM3\ARM_GCC_541\Debug\RobotBluetoth.a(PWM_Motores.o)
 .debug_frame   0x00000b24      0x104 .\CortexM3\ARM_GCC_541\Debug\RobotBluetoth.a(RXisr.o)
 .debug_frame   0x00000c28       0x50 .\CortexM3\ARM_GCC_541\Debug\RobotBluetoth.a(M1_1.o)
 .debug_frame   0x00000c78       0x50 .\CortexM3\ARM_GCC_541\Debug\RobotBluetoth.a(M1_2.o)
 .debug_frame   0x00000cc8       0x50 .\CortexM3\ARM_GCC_541\Debug\RobotBluetoth.a(M2_1.o)
 .debug_frame   0x00000d18       0x50 .\CortexM3\ARM_GCC_541\Debug\RobotBluetoth.a(M2_2.o)
 .debug_frame   0x00000d68       0xe0 .\CortexM3\ARM_GCC_541\Debug\RobotBluetoth.a(UART_IntClock.o)
 .debug_frame   0x00000e48      0x738 .\CortexM3\ARM_GCC_541\Debug\RobotBluetoth.a(CyLib.o)
 .debug_frame   0x00001580      0x1f8 .\CortexM3\ARM_GCC_541\Debug\RobotBluetoth.a(cyPm.o)
 .debug_frame   0x00001778      0x194 .\CortexM3\ARM_GCC_541\Debug\RobotBluetoth.a(CyFlash.o)
 .debug_frame   0x0000190c      0x180 .\CortexM3\ARM_GCC_541\Debug\RobotBluetoth.a(CySpc.o)
 .debug_frame   0x00001a8c       0x20 c:/program files (x86)/cypress/psoc creator/4.4/psoc creator/import/gnu/arm/5.4.1/bin/../lib/gcc/arm-none-eabi/5.4.1/../../../../arm-none-eabi/lib/armv7-m\libg_nano.a(lib_a-errno.o)
 .debug_frame   0x00001aac       0x28 c:/program files (x86)/cypress/psoc creator/4.4/psoc creator/import/gnu/arm/5.4.1/bin/../lib/gcc/arm-none-eabi/5.4.1/../../../../arm-none-eabi/lib/armv7-m\libg_nano.a(lib_a-exit.o)
 .debug_frame   0x00001ad4       0x2c c:/program files (x86)/cypress/psoc creator/4.4/psoc creator/import/gnu/arm/5.4.1/bin/../lib/gcc/arm-none-eabi/5.4.1/../../../../arm-none-eabi/lib/armv7-m\libg_nano.a(lib_a-init.o)
 .debug_frame   0x00001b00       0x28 c:/program files (x86)/cypress/psoc creator/4.4/psoc creator/import/gnu/arm/5.4.1/bin/../lib/gcc/arm-none-eabi/5.4.1/../../../../arm-none-eabi/lib/armv7-m\libg_nano.a(lib_a-memcpy-stub.o)
 .debug_frame   0x00001b28       0x20 c:/program files (x86)/cypress/psoc creator/4.4/psoc creator/import/gnu/arm/5.4.1/bin/../lib/gcc/arm-none-eabi/5.4.1/../../../../arm-none-eabi/lib/armv7-m\libg_nano.a(lib_a-memset.o)

.debug_str      0x00000000     0x2094
 *(.debug_str)
 .debug_str     0x00000000      0x2ea .\CortexM3\ARM_GCC_541\Debug\main.o
                                0x332 (size before relaxing)
 .debug_str     0x000002ea      0x263 .\CortexM3\ARM_GCC_541\Debug\LiquidCrystal_I2C.o
                                0x4a3 (size before relaxing)
 .debug_str     0x0000054d      0x1b6 .\CortexM3\ARM_GCC_541\Debug\cyfitter_cfg.o
                                0x36e (size before relaxing)
 .debug_str     0x00000703       0x75 .\CortexM3\ARM_GCC_541\Debug\cymetadata.o
                                0x20e (size before relaxing)
 .debug_str     0x00000778      0x13f .\CortexM3\ARM_GCC_541\Debug\Cm3Start.o
                                0x334 (size before relaxing)
 .debug_str     0x000008b7      0x12a .\CortexM3\ARM_GCC_541\Debug\RobotBluetoth.a(I2C.o)
                                0x30b (size before relaxing)
 .debug_str     0x000009e1       0x86 .\CortexM3\ARM_GCC_541\Debug\RobotBluetoth.a(I2C_INT.o)
                                0x289 (size before relaxing)
 .debug_str     0x00000a67       0x56 .\CortexM3\ARM_GCC_541\Debug\RobotBluetoth.a(I2C_PM.o)
                                0x2a7 (size before relaxing)
 .debug_str     0x00000abd      0x135 .\CortexM3\ARM_GCC_541\Debug\RobotBluetoth.a(I2C_MASTER.o)
                                0x3ce (size before relaxing)
 .debug_str     0x00000bf2      0x184 .\CortexM3\ARM_GCC_541\Debug\RobotBluetoth.a(UART.o)
                                0x39c (size before relaxing)
 .debug_str     0x00000d76      0x1f7 .\CortexM3\ARM_GCC_541\Debug\RobotBluetoth.a(PWM_Motores.o)
                                0x422 (size before relaxing)
 .debug_str     0x00000f6d       0xf0 .\CortexM3\ARM_GCC_541\Debug\RobotBluetoth.a(RXisr.o)
                                0x2d0 (size before relaxing)
 .debug_str     0x0000105d       0x56 .\CortexM3\ARM_GCC_541\Debug\RobotBluetoth.a(M1_1.o)
                                0x207 (size before relaxing)
 .debug_str     0x000010b3       0x4b .\CortexM3\ARM_GCC_541\Debug\RobotBluetoth.a(M1_2.o)
                                0x207 (size before relaxing)
 .debug_str     0x000010fe       0x4b .\CortexM3\ARM_GCC_541\Debug\RobotBluetoth.a(M2_1.o)
                                0x207 (size before relaxing)
 .debug_str     0x00001149       0x4b .\CortexM3\ARM_GCC_541\Debug\RobotBluetoth.a(M2_2.o)
                                0x207 (size before relaxing)
 .debug_str     0x00001194      0x183 .\CortexM3\ARM_GCC_541\Debug\RobotBluetoth.a(UART_IntClock.o)
                                0x360 (size before relaxing)
 .debug_str     0x00001317      0x7b1 .\CortexM3\ARM_GCC_541\Debug\RobotBluetoth.a(CyLib.o)
                                0xa71 (size before relaxing)
 .debug_str     0x00001ac8      0x365 .\CortexM3\ARM_GCC_541\Debug\RobotBluetoth.a(cyPm.o)
                                0x75d (size before relaxing)
 .debug_str     0x00001e2d      0x1bb .\CortexM3\ARM_GCC_541\Debug\RobotBluetoth.a(CyFlash.o)
                                0x3ea (size before relaxing)
 .debug_str     0x00001fe8       0xac .\CortexM3\ARM_GCC_541\Debug\RobotBluetoth.a(CySpc.o)
                                0x362 (size before relaxing)

.debug_loc      0x00000000     0x269a
 *(.debug_loc)
 .debug_loc     0x00000000      0x346 .\CortexM3\ARM_GCC_541\Debug\LiquidCrystal_I2C.o
 .debug_loc     0x00000346      0x289 .\CortexM3\ARM_GCC_541\Debug\cyfitter_cfg.o
 .debug_loc     0x000005cf      0x144 .\CortexM3\ARM_GCC_541\Debug\Cm3Start.o
 .debug_loc     0x00000713       0x39 .\CortexM3\ARM_GCC_541\Debug\RobotBluetoth.a(I2C.o)
 .debug_loc     0x0000074c       0x29 .\CortexM3\ARM_GCC_541\Debug\RobotBluetoth.a(I2C_INT.o)
 .debug_loc     0x00000775       0x13 .\CortexM3\ARM_GCC_541\Debug\RobotBluetoth.a(I2C_PM.o)
 .debug_loc     0x00000788      0x52f .\CortexM3\ARM_GCC_541\Debug\RobotBluetoth.a(I2C_MASTER.o)
 .debug_loc     0x00000cb7       0x87 .\CortexM3\ARM_GCC_541\Debug\RobotBluetoth.a(UART.o)
 .debug_loc     0x00000d3e       0x26 .\CortexM3\ARM_GCC_541\Debug\RobotBluetoth.a(PWM_Motores.o)
 .debug_loc     0x00000d64       0x56 .\CortexM3\ARM_GCC_541\Debug\RobotBluetoth.a(RXisr.o)
 .debug_loc     0x00000dba       0x42 .\CortexM3\ARM_GCC_541\Debug\RobotBluetoth.a(M1_1.o)
 .debug_loc     0x00000dfc       0x42 .\CortexM3\ARM_GCC_541\Debug\RobotBluetoth.a(M1_2.o)
 .debug_loc     0x00000e3e       0x42 .\CortexM3\ARM_GCC_541\Debug\RobotBluetoth.a(M2_1.o)
 .debug_loc     0x00000e80       0x42 .\CortexM3\ARM_GCC_541\Debug\RobotBluetoth.a(M2_2.o)
 .debug_loc     0x00000ec2      0x12c .\CortexM3\ARM_GCC_541\Debug\RobotBluetoth.a(UART_IntClock.o)
 .debug_loc     0x00000fee      0xa11 .\CortexM3\ARM_GCC_541\Debug\RobotBluetoth.a(CyLib.o)
 .debug_loc     0x000019ff      0x1e4 .\CortexM3\ARM_GCC_541\Debug\RobotBluetoth.a(cyPm.o)
 .debug_loc     0x00001be3      0x3b2 .\CortexM3\ARM_GCC_541\Debug\RobotBluetoth.a(CyFlash.o)
 .debug_loc     0x00001f95      0x705 .\CortexM3\ARM_GCC_541\Debug\RobotBluetoth.a(CySpc.o)

.debug_macinfo
 *(.debug_macinfo)

.debug_ranges   0x00000000      0x928
 *(.debug_ranges)
 .debug_ranges  0x00000000       0x40 .\CortexM3\ARM_GCC_541\Debug\main.o
 .debug_ranges  0x00000040      0x108 .\CortexM3\ARM_GCC_541\Debug\LiquidCrystal_I2C.o
 .debug_ranges  0x00000148       0x48 .\CortexM3\ARM_GCC_541\Debug\cyfitter_cfg.o
 .debug_ranges  0x00000190       0x38 .\CortexM3\ARM_GCC_541\Debug\Cm3Start.o
 .debug_ranges  0x000001c8       0x28 .\CortexM3\ARM_GCC_541\Debug\RobotBluetoth.a(I2C.o)
 .debug_ranges  0x000001f0       0x10 .\CortexM3\ARM_GCC_541\Debug\RobotBluetoth.a(I2C_INT.o)
 .debug_ranges  0x00000200       0x28 .\CortexM3\ARM_GCC_541\Debug\RobotBluetoth.a(I2C_PM.o)
 .debug_ranges  0x00000228       0x70 .\CortexM3\ARM_GCC_541\Debug\RobotBluetoth.a(I2C_MASTER.o)
 .debug_ranges  0x00000298       0x88 .\CortexM3\ARM_GCC_541\Debug\RobotBluetoth.a(UART.o)
 .debug_ranges  0x00000320       0x98 .\CortexM3\ARM_GCC_541\Debug\RobotBluetoth.a(PWM_Motores.o)
 .debug_ranges  0x000003b8       0x70 .\CortexM3\ARM_GCC_541\Debug\RobotBluetoth.a(RXisr.o)
 .debug_ranges  0x00000428       0x28 .\CortexM3\ARM_GCC_541\Debug\RobotBluetoth.a(M1_1.o)
 .debug_ranges  0x00000450       0x28 .\CortexM3\ARM_GCC_541\Debug\RobotBluetoth.a(M1_2.o)
 .debug_ranges  0x00000478       0x28 .\CortexM3\ARM_GCC_541\Debug\RobotBluetoth.a(M2_1.o)
 .debug_ranges  0x000004a0       0x28 .\CortexM3\ARM_GCC_541\Debug\RobotBluetoth.a(M2_2.o)
 .debug_ranges  0x000004c8       0x60 .\CortexM3\ARM_GCC_541\Debug\RobotBluetoth.a(UART_IntClock.o)
 .debug_ranges  0x00000528      0x290 .\CortexM3\ARM_GCC_541\Debug\RobotBluetoth.a(CyLib.o)
 .debug_ranges  0x000007b8       0x88 .\CortexM3\ARM_GCC_541\Debug\RobotBluetoth.a(cyPm.o)
 .debug_ranges  0x00000840       0x78 .\CortexM3\ARM_GCC_541\Debug\RobotBluetoth.a(CyFlash.o)
 .debug_ranges  0x000008b8       0x70 .\CortexM3\ARM_GCC_541\Debug\RobotBluetoth.a(CySpc.o)

.comment        0x00000000       0x6e
 .comment       0x00000000       0x6e .\CortexM3\ARM_GCC_541\Debug\main.o
                                 0x6f (size before relaxing)
 .comment       0x0000006e       0x6f .\CortexM3\ARM_GCC_541\Debug\LiquidCrystal_I2C.o
 .comment       0x0000006e       0x6f .\CortexM3\ARM_GCC_541\Debug\cyfitter_cfg.o
 .comment       0x0000006e       0x6f .\CortexM3\ARM_GCC_541\Debug\cymetadata.o
 .comment       0x0000006e       0x6f .\CortexM3\ARM_GCC_541\Debug\Cm3Start.o
 .comment       0x0000006e       0x6f .\CortexM3\ARM_GCC_541\Debug\RobotBluetoth.a(I2C.o)
 .comment       0x0000006e       0x6f .\CortexM3\ARM_GCC_541\Debug\RobotBluetoth.a(I2C_INT.o)
 .comment       0x0000006e       0x6f .\CortexM3\ARM_GCC_541\Debug\RobotBluetoth.a(I2C_PM.o)
 .comment       0x0000006e       0x6f .\CortexM3\ARM_GCC_541\Debug\RobotBluetoth.a(I2C_MASTER.o)
 .comment       0x0000006e       0x6f .\CortexM3\ARM_GCC_541\Debug\RobotBluetoth.a(UART.o)
 .comment       0x0000006e       0x6f .\CortexM3\ARM_GCC_541\Debug\RobotBluetoth.a(PWM_Motores.o)
 .comment       0x0000006e       0x6f .\CortexM3\ARM_GCC_541\Debug\RobotBluetoth.a(RXisr.o)
 .comment       0x0000006e       0x6f .\CortexM3\ARM_GCC_541\Debug\RobotBluetoth.a(M1_1.o)
 .comment       0x0000006e       0x6f .\CortexM3\ARM_GCC_541\Debug\RobotBluetoth.a(M1_2.o)
 .comment       0x0000006e       0x6f .\CortexM3\ARM_GCC_541\Debug\RobotBluetoth.a(M2_1.o)
 .comment       0x0000006e       0x6f .\CortexM3\ARM_GCC_541\Debug\RobotBluetoth.a(M2_2.o)
 .comment       0x0000006e       0x6f .\CortexM3\ARM_GCC_541\Debug\RobotBluetoth.a(UART_IntClock.o)
 .comment       0x0000006e       0x6f .\CortexM3\ARM_GCC_541\Debug\RobotBluetoth.a(CyLib.o)
 .comment       0x0000006e       0x6f .\CortexM3\ARM_GCC_541\Debug\RobotBluetoth.a(cyPm.o)
 .comment       0x0000006e       0x6f .\CortexM3\ARM_GCC_541\Debug\RobotBluetoth.a(CyFlash.o)
 .comment       0x0000006e       0x6f .\CortexM3\ARM_GCC_541\Debug\RobotBluetoth.a(CySpc.o)

.debug_weaknames
 *(.debug_weaknames)

.debug_funcnames
 *(.debug_funcnames)

.debug_typenames
 *(.debug_typenames)

.debug_varnames
 *(.debug_varnames)

.note.gnu.arm.ident
 *(.note.gnu.arm.ident)

.ARM.attributes
                0x00000000       0x29
 *(.ARM.attributes)
 .ARM.attributes
                0x00000000       0x1d c:/program files (x86)/cypress/psoc creator/4.4/psoc creator/import/gnu/arm/5.4.1/bin/../lib/gcc/arm-none-eabi/5.4.1/armv7-m/crti.o
 .ARM.attributes
                0x0000001d       0x2d c:/program files (x86)/cypress/psoc creator/4.4/psoc creator/import/gnu/arm/5.4.1/bin/../lib/gcc/arm-none-eabi/5.4.1/armv7-m/crtbegin.o
 .ARM.attributes
                0x0000004a       0x1b c:/program files (x86)/cypress/psoc creator/4.4/psoc creator/import/gnu/arm/5.4.1/bin/../lib/gcc/arm-none-eabi/5.4.1/../../../../arm-none-eabi/lib/armv7-m/crt0.o
 .ARM.attributes
                0x00000065       0x33 .\CortexM3\ARM_GCC_541\Debug\main.o
 .ARM.attributes
                0x00000098       0x33 .\CortexM3\ARM_GCC_541\Debug\LiquidCrystal_I2C.o
 .ARM.attributes
                0x000000cb       0x33 .\CortexM3\ARM_GCC_541\Debug\cyfitter_cfg.o
 .ARM.attributes
                0x000000fe       0x33 .\CortexM3\ARM_GCC_541\Debug\cymetadata.o
 .ARM.attributes
                0x00000131       0x33 .\CortexM3\ARM_GCC_541\Debug\Cm3Start.o
 .ARM.attributes
                0x00000164       0x33 .\CortexM3\ARM_GCC_541\Debug\RobotBluetoth.a(I2C.o)
 .ARM.attributes
                0x00000197       0x33 .\CortexM3\ARM_GCC_541\Debug\RobotBluetoth.a(I2C_INT.o)
 .ARM.attributes
                0x000001ca       0x33 .\CortexM3\ARM_GCC_541\Debug\RobotBluetoth.a(I2C_PM.o)
 .ARM.attributes
                0x000001fd       0x33 .\CortexM3\ARM_GCC_541\Debug\RobotBluetoth.a(I2C_MASTER.o)
 .ARM.attributes
                0x00000230       0x33 .\CortexM3\ARM_GCC_541\Debug\RobotBluetoth.a(UART.o)
 .ARM.attributes
                0x00000263       0x33 .\CortexM3\ARM_GCC_541\Debug\RobotBluetoth.a(PWM_Motores.o)
 .ARM.attributes
                0x00000296       0x33 .\CortexM3\ARM_GCC_541\Debug\RobotBluetoth.a(RXisr.o)
 .ARM.attributes
                0x000002c9       0x33 .\CortexM3\ARM_GCC_541\Debug\RobotBluetoth.a(M1_1.o)
 .ARM.attributes
                0x000002fc       0x33 .\CortexM3\ARM_GCC_541\Debug\RobotBluetoth.a(M1_2.o)
 .ARM.attributes
                0x0000032f       0x33 .\CortexM3\ARM_GCC_541\Debug\RobotBluetoth.a(M2_1.o)
 .ARM.attributes
                0x00000362       0x33 .\CortexM3\ARM_GCC_541\Debug\RobotBluetoth.a(M2_2.o)
 .ARM.attributes
                0x00000395       0x33 .\CortexM3\ARM_GCC_541\Debug\RobotBluetoth.a(UART_IntClock.o)
 .ARM.attributes
                0x000003c8       0x33 .\CortexM3\ARM_GCC_541\Debug\RobotBluetoth.a(CyLib.o)
 .ARM.attributes
                0x000003fb       0x33 .\CortexM3\ARM_GCC_541\Debug\RobotBluetoth.a(cyPm.o)
 .ARM.attributes
                0x0000042e       0x21 .\CortexM3\ARM_GCC_541\Debug\RobotBluetoth.a(CyBootAsmGnu.o)
 .ARM.attributes
                0x0000044f       0x33 .\CortexM3\ARM_GCC_541\Debug\RobotBluetoth.a(CyFlash.o)
 .ARM.attributes
                0x00000482       0x33 .\CortexM3\ARM_GCC_541\Debug\RobotBluetoth.a(CySpc.o)
 .ARM.attributes
                0x000004b5       0x2d c:/program files (x86)/cypress/psoc creator/4.4/psoc creator/import/gnu/arm/5.4.1/bin/../lib/gcc/arm-none-eabi/5.4.1/../../../../arm-none-eabi/lib/armv7-m\libg_nano.a(lib_a-errno.o)
 .ARM.attributes
                0x000004e2       0x2d c:/program files (x86)/cypress/psoc creator/4.4/psoc creator/import/gnu/arm/5.4.1/bin/../lib/gcc/arm-none-eabi/5.4.1/../../../../arm-none-eabi/lib/armv7-m\libg_nano.a(lib_a-exit.o)
 .ARM.attributes
                0x0000050f       0x2d c:/program files (x86)/cypress/psoc creator/4.4/psoc creator/import/gnu/arm/5.4.1/bin/../lib/gcc/arm-none-eabi/5.4.1/../../../../arm-none-eabi/lib/armv7-m\libg_nano.a(lib_a-impure.o)
 .ARM.attributes
                0x0000053c       0x2d c:/program files (x86)/cypress/psoc creator/4.4/psoc creator/import/gnu/arm/5.4.1/bin/../lib/gcc/arm-none-eabi/5.4.1/../../../../arm-none-eabi/lib/armv7-m\libg_nano.a(lib_a-init.o)
 .ARM.attributes
                0x00000569       0x2d c:/program files (x86)/cypress/psoc creator/4.4/psoc creator/import/gnu/arm/5.4.1/bin/../lib/gcc/arm-none-eabi/5.4.1/../../../../arm-none-eabi/lib/armv7-m\libg_nano.a(lib_a-memcpy-stub.o)
 .ARM.attributes
                0x00000596       0x2d c:/program files (x86)/cypress/psoc creator/4.4/psoc creator/import/gnu/arm/5.4.1/bin/../lib/gcc/arm-none-eabi/5.4.1/../../../../arm-none-eabi/lib/armv7-m\libg_nano.a(lib_a-memset.o)
 .ARM.attributes
                0x000005c3       0x17 c:/program files (x86)/cypress/psoc creator/4.4/psoc creator/import/gnu/arm/5.4.1/bin/../lib/gcc/arm-none-eabi/5.4.1/../../../../arm-none-eabi/lib/armv7-m\libg_nano.a(lib_a-strlen.o)
 .ARM.attributes
                0x000005da       0x2d c:/program files (x86)/cypress/psoc creator/4.4/psoc creator/import/gnu/arm/5.4.1/bin/../lib/gcc/arm-none-eabi/5.4.1/armv7-m/crtend.o
 .ARM.attributes
                0x00000607       0x1d c:/program files (x86)/cypress/psoc creator/4.4/psoc creator/import/gnu/arm/5.4.1/bin/../lib/gcc/arm-none-eabi/5.4.1/armv7-m/crtn.o

/DISCARD/
 *(.note.GNU-stack)
OUTPUT(C:\Users\Gabriel\OneDrive - frt.utn.edu.ar\Documentos\PSoC Creator\Proyecto_DigitalesII\RobotBluetoth.cydsn\CortexM3\ARM_GCC_541\Debug\RobotBluetoth.elf elf32-littlearm)
